{
  "product": "package",
  "target": "both",
  "source_index": "./src/index.js",
  "linter": "eslint",
  "transpile_folder": "./lib",
  "transpiler": "babel",
  "minifier": "uglify",
  "bundle_folder": "./dist",
  "bundler": "rollup",
  "test_folder": "./test",
  "react": true,
  "monorepo": false
}
